Copyright 1986-2022 Xilinx, Inc. All Rights Reserved.
-------------------------------------------------------------------------------------------
| Tool Version : Vivado v.2022.1 (win64) Build 3526262 Mon Apr 18 15:48:16 MDT 2022
| Date         : Fri Sep 15 17:39:31 2023
| Host         : MBQD-WS-11 running 64-bit major release  (build 9200)
| Command      : report_control_sets -verbose -file system_wrapper_control_sets_placed.rpt
| Design       : system_wrapper
| Device       : xc7z010
-------------------------------------------------------------------------------------------

Control Set Information

Table of Contents
-----------------
1. Summary
2. Histogram
3. Flip-Flop Distribution
4. Detailed Control Set Information

1. Summary
----------

+----------------------------------------------------------+-------+
|                          Status                          | Count |
+----------------------------------------------------------+-------+
| Total control sets                                       |   206 |
|    Minimum number of control sets                        |   206 |
|    Addition due to synthesis replication                 |     0 |
|    Addition due to physical synthesis replication        |     0 |
| Unused register locations in slices containing registers |   596 |
+----------------------------------------------------------+-------+
* Control sets can be merged at opt_design using control_set_merge or merge_equivalent_drivers
** Run report_qor_suggestions for automated merging and remapping suggestions


2. Histogram
------------

+--------------------+-------+
|       Fanout       | Count |
+--------------------+-------+
| Total control sets |   206 |
| >= 0 to < 4        |     2 |
| >= 4 to < 6        |    76 |
| >= 6 to < 8        |     2 |
| >= 8 to < 10       |     1 |
| >= 10 to < 12      |     1 |
| >= 12 to < 14      |     8 |
| >= 14 to < 16      |    44 |
| >= 16              |    72 |
+--------------------+-------+
* Control sets can be remapped at either synth_design or opt_design


3. Flip-Flop Distribution
-------------------------

+--------------+-----------------------+------------------------+-----------------+--------------+
| Clock Enable | Synchronous Set/Reset | Asynchronous Set/Reset | Total Registers | Total Slices |
+--------------+-----------------------+------------------------+-----------------+--------------+
| No           | No                    | No                     |             824 |          286 |
| No           | No                    | Yes                    |               0 |            0 |
| No           | Yes                   | No                     |            1195 |          359 |
| Yes          | No                    | No                     |             861 |          248 |
| Yes          | No                    | Yes                    |               0 |            0 |
| Yes          | Yes                   | No                     |            1044 |          321 |
+--------------+-----------------------+------------------------+-----------------+--------------+


4. Detailed Control Set Information
-----------------------------------

+--------------------------------------------------+--------------------------------------------------------------------------------------------------------------------------------------------------------------+-----------------------------------------------------------------------------------------------------------------------------------------------------+------------------+----------------+--------------+
|                   Clock Signal                   |                                                                         Enable Signal                                                                        |                                                                   Set/Reset Signal                                                                  | Slice Load Count | Bel Load Count | Bels / Slice |
+--------------------------------------------------+--------------------------------------------------------------------------------------------------------------------------------------------------------------+-----------------------------------------------------------------------------------------------------------------------------------------------------+------------------+----------------+--------------+
|  system_i/ADC/axis_red_pitaya_adc_0/inst/adc_clk | system_i/ps7_0_axi_periph/s00_couplers/auto_pc/inst/gen_axilite.gen_b2s_conv.axilite_b2s/WR.aw_channel_0/aw_cmd_fsm_0/FSM_sequential_state_reg[0]_1          | system_i/ps7_0_axi_periph/s00_couplers/auto_pc/inst/gen_axilite.gen_b2s_conv.axilite_b2s/WR.aw_channel_0/aw_cmd_fsm_0/FSM_sequential_state_reg[0]_0 |                1 |              1 |         1.00 |
|  system_i/ADC/axis_red_pitaya_adc_0/inst/adc_clk | system_i/ps7_0_axi_periph/s00_couplers/auto_pc/inst/gen_axilite.gen_b2s_conv.axilite_b2s/WR.b_channel_0/bid_fifo_0/sel                                       |                                                                                                                                                     |                1 |              2 |         2.00 |
|  system_i/ADC/axis_red_pitaya_adc_0/inst/adc_clk |                                                                                                                                                              | system_i/axi_gpio_3/U0/AXI_LITE_IPIF_I/I_SLAVE_ATTACHMENT/clear                                                                                     |                1 |              4 |         4.00 |
|  system_i/ADC/axis_red_pitaya_adc_0/inst/adc_clk |                                                                                                                                                              | system_i/axi_gpio_16/U0/AXI_LITE_IPIF_I/I_SLAVE_ATTACHMENT/clear                                                                                    |                1 |              4 |         4.00 |
|  system_i/ADC/axis_red_pitaya_adc_0/inst/adc_clk | system_i/axi_gpio_0/U0/AXI_LITE_IPIF_I/I_SLAVE_ATTACHMENT/start2                                                                                             | system_i/axi_gpio_0/U0/AXI_LITE_IPIF_I/I_SLAVE_ATTACHMENT/I_DECODER/cs_ce_clr                                                                       |                2 |              4 |         2.00 |
|  system_i/ADC/axis_red_pitaya_adc_0/inst/adc_clk | system_i/axi_gpio_1/U0/AXI_LITE_IPIF_I/I_SLAVE_ATTACHMENT/bus2ip_addr_i[8]_i_1_n_0                                                                           | system_i/axi_gpio_1/U0/AXI_LITE_IPIF_I/I_SLAVE_ATTACHMENT/SS[0]                                                                                     |                2 |              4 |         2.00 |
|  system_i/ADC/axis_red_pitaya_adc_0/inst/adc_clk |                                                                                                                                                              | system_i/axi_gpio_18/U0/AXI_LITE_IPIF_I/I_SLAVE_ATTACHMENT/clear                                                                                    |                1 |              4 |         4.00 |
|  system_i/ADC/axis_red_pitaya_adc_0/inst/adc_clk | system_i/axi_gpio_3/U0/AXI_LITE_IPIF_I/I_SLAVE_ATTACHMENT/bus2ip_addr_i[8]_i_1_n_0                                                                           | system_i/axi_gpio_3/U0/AXI_LITE_IPIF_I/I_SLAVE_ATTACHMENT/SR[0]                                                                                     |                2 |              4 |         2.00 |
|  system_i/ADC/axis_red_pitaya_adc_0/inst/adc_clk |                                                                                                                                                              | system_i/axi_gpio_17/U0/AXI_LITE_IPIF_I/I_SLAVE_ATTACHMENT/clear                                                                                    |                1 |              4 |         4.00 |
|  system_i/ADC/axis_red_pitaya_adc_0/inst/adc_clk | system_i/axi_gpio_15/U0/AXI_LITE_IPIF_I/I_SLAVE_ATTACHMENT/start2                                                                                            | system_i/axi_gpio_15/U0/AXI_LITE_IPIF_I/I_SLAVE_ATTACHMENT/I_DECODER/cs_ce_clr                                                                      |                1 |              4 |         4.00 |
|  system_i/ADC/axis_red_pitaya_adc_0/inst/adc_clk | system_i/axi_gpio_1/U0/AXI_LITE_IPIF_I/I_SLAVE_ATTACHMENT/start2                                                                                             | system_i/axi_gpio_1/U0/AXI_LITE_IPIF_I/I_SLAVE_ATTACHMENT/I_DECODER/cs_ce_clr                                                                       |                2 |              4 |         2.00 |
|  system_i/ADC/axis_red_pitaya_adc_0/inst/adc_clk |                                                                                                                                                              | system_i/axi_gpio_0/U0/AXI_LITE_IPIF_I/I_SLAVE_ATTACHMENT/clear                                                                                     |                1 |              4 |         4.00 |
|  system_i/ADC/axis_red_pitaya_adc_0/inst/adc_clk | system_i/axi_gpio_11/U0/AXI_LITE_IPIF_I/I_SLAVE_ATTACHMENT/start2                                                                                            | system_i/axi_gpio_11/U0/AXI_LITE_IPIF_I/I_SLAVE_ATTACHMENT/I_DECODER/cs_ce_clr                                                                      |                1 |              4 |         4.00 |
|  system_i/ADC/axis_red_pitaya_adc_0/inst/adc_clk | system_i/axi_gpio_6/U0/AXI_LITE_IPIF_I/I_SLAVE_ATTACHMENT/bus2ip_addr_i[8]_i_1_n_0                                                                           | system_i/axi_gpio_6/U0/AXI_LITE_IPIF_I/I_SLAVE_ATTACHMENT/SR[0]                                                                                     |                2 |              4 |         2.00 |
|  system_i/ADC/axis_red_pitaya_adc_0/inst/adc_clk |                                                                                                                                                              | system_i/axi_gpio_11/U0/AXI_LITE_IPIF_I/I_SLAVE_ATTACHMENT/clear                                                                                    |                1 |              4 |         4.00 |
|  system_i/ADC/axis_red_pitaya_adc_0/inst/adc_clk | system_i/ps7_0_axi_periph/s00_couplers/auto_pc/inst/gen_axilite.gen_b2s_conv.axilite_b2s/RD.ar_channel_0/ar_cmd_fsm_0/m_axi_arready_2                        | system_i/ps7_0_axi_periph/s00_couplers/auto_pc/inst/gen_axilite.gen_b2s_conv.axilite_b2s/RD.ar_channel_0/ar_cmd_fsm_0/FSM_sequential_state_reg[1]_0 |                2 |              4 |         2.00 |
|  system_i/ADC/axis_red_pitaya_adc_0/inst/adc_clk |                                                                                                                                                              | system_i/axi_gpio_1/U0/AXI_LITE_IPIF_I/I_SLAVE_ATTACHMENT/clear                                                                                     |                1 |              4 |         4.00 |
|  system_i/ADC/axis_red_pitaya_adc_0/inst/adc_clk | system_i/axi_gpio_11/U0/AXI_LITE_IPIF_I/I_SLAVE_ATTACHMENT/bus2ip_addr_i[8]_i_1_n_0                                                                          | system_i/axi_gpio_11/U0/AXI_LITE_IPIF_I/I_SLAVE_ATTACHMENT/SR[0]                                                                                    |                1 |              4 |         4.00 |
|  system_i/ADC/axis_red_pitaya_adc_0/inst/adc_clk | system_i/axi_gpio_5/U0/AXI_LITE_IPIF_I/I_SLAVE_ATTACHMENT/start2                                                                                             | system_i/axi_gpio_5/U0/AXI_LITE_IPIF_I/I_SLAVE_ATTACHMENT/I_DECODER/cs_ce_clr                                                                       |                1 |              4 |         4.00 |
|  system_i/ADC/axis_red_pitaya_adc_0/inst/adc_clk |                                                                                                                                                              | system_i/axi_gpio_10/U0/AXI_LITE_IPIF_I/I_SLAVE_ATTACHMENT/clear                                                                                    |                1 |              4 |         4.00 |
|  system_i/ADC/axis_red_pitaya_adc_0/inst/adc_clk | system_i/axi_gpio_5/U0/AXI_LITE_IPIF_I/I_SLAVE_ATTACHMENT/bus2ip_addr_i[8]_i_1_n_0                                                                           | system_i/axi_gpio_5/U0/AXI_LITE_IPIF_I/I_SLAVE_ATTACHMENT/SR[0]                                                                                     |                1 |              4 |         4.00 |
|  system_i/ADC/axis_red_pitaya_adc_0/inst/adc_clk | system_i/axi_gpio_6/U0/AXI_LITE_IPIF_I/I_SLAVE_ATTACHMENT/start2                                                                                             | system_i/axi_gpio_6/U0/AXI_LITE_IPIF_I/I_SLAVE_ATTACHMENT/I_DECODER/cs_ce_clr                                                                       |                2 |              4 |         2.00 |
|  system_i/ADC/axis_red_pitaya_adc_0/inst/adc_clk | system_i/axi_gpio_15/U0/AXI_LITE_IPIF_I/I_SLAVE_ATTACHMENT/s_axi_rresp_i                                                                                     | system_i/axi_gpio_15/U0/AXI_LITE_IPIF_I/I_SLAVE_ATTACHMENT/SR[0]                                                                                    |                1 |              4 |         4.00 |
|  system_i/ADC/axis_red_pitaya_adc_0/inst/adc_clk |                                                                                                                                                              | system_i/axi_gpio_15/U0/AXI_LITE_IPIF_I/I_SLAVE_ATTACHMENT/clear                                                                                    |                1 |              4 |         4.00 |
|  system_i/ADC/axis_red_pitaya_adc_0/inst/adc_clk | system_i/axi_gpio_15/U0/AXI_LITE_IPIF_I/I_SLAVE_ATTACHMENT/bus2ip_addr_i[8]_i_1_n_0                                                                          | system_i/axi_gpio_15/U0/AXI_LITE_IPIF_I/I_SLAVE_ATTACHMENT/SR[0]                                                                                    |                1 |              4 |         4.00 |
|  system_i/ADC/axis_red_pitaya_adc_0/inst/adc_clk | system_i/axi_gpio_4/U0/AXI_LITE_IPIF_I/I_SLAVE_ATTACHMENT/start2                                                                                             | system_i/axi_gpio_4/U0/AXI_LITE_IPIF_I/I_SLAVE_ATTACHMENT/I_DECODER/cs_ce_clr                                                                       |                2 |              4 |         2.00 |
|  system_i/ADC/axis_red_pitaya_adc_0/inst/adc_clk | system_i/axi_gpio_4/U0/AXI_LITE_IPIF_I/I_SLAVE_ATTACHMENT/bus2ip_addr_i[8]_i_1_n_0                                                                           | system_i/axi_gpio_4/U0/AXI_LITE_IPIF_I/I_SLAVE_ATTACHMENT/SR[0]                                                                                     |                1 |              4 |         4.00 |
|  system_i/ADC/axis_red_pitaya_adc_0/inst/adc_clk |                                                                                                                                                              | system_i/axi_gpio_22/U0/AXI_LITE_IPIF_I/I_SLAVE_ATTACHMENT/clear                                                                                    |                1 |              4 |         4.00 |
|  system_i/ADC/axis_red_pitaya_adc_0/inst/adc_clk | system_i/axi_gpio_7/U0/AXI_LITE_IPIF_I/I_SLAVE_ATTACHMENT/start2                                                                                             | system_i/axi_gpio_7/U0/AXI_LITE_IPIF_I/I_SLAVE_ATTACHMENT/I_DECODER/cs_ce_clr                                                                       |                1 |              4 |         4.00 |
|  system_i/ADC/axis_red_pitaya_adc_0/inst/adc_clk |                                                                                                                                                              | system_i/axi_gpio_9/U0/AXI_LITE_IPIF_I/I_SLAVE_ATTACHMENT/clear                                                                                     |                1 |              4 |         4.00 |
|  system_i/ADC/axis_red_pitaya_adc_0/inst/adc_clk | system_i/axi_gpio_7/U0/AXI_LITE_IPIF_I/I_SLAVE_ATTACHMENT/bus2ip_addr_i[8]_i_1_n_0                                                                           | system_i/axi_gpio_7/U0/AXI_LITE_IPIF_I/I_SLAVE_ATTACHMENT/SR[0]                                                                                     |                1 |              4 |         4.00 |
|  system_i/ADC/axis_red_pitaya_adc_0/inst/adc_clk |                                                                                                                                                              | system_i/axi_gpio_8/U0/AXI_LITE_IPIF_I/I_SLAVE_ATTACHMENT/clear                                                                                     |                1 |              4 |         4.00 |
|  system_i/ADC/axis_red_pitaya_adc_0/inst/adc_clk | system_i/axi_gpio_2/U0/AXI_LITE_IPIF_I/I_SLAVE_ATTACHMENT/bus2ip_addr_i[8]_i_1_n_0                                                                           | system_i/axi_gpio_2/U0/AXI_LITE_IPIF_I/I_SLAVE_ATTACHMENT/SR[0]                                                                                     |                1 |              4 |         4.00 |
|  system_i/ADC/axis_red_pitaya_adc_0/inst/adc_clk | system_i/axi_gpio_2/U0/AXI_LITE_IPIF_I/I_SLAVE_ATTACHMENT/start2                                                                                             | system_i/axi_gpio_2/U0/AXI_LITE_IPIF_I/I_SLAVE_ATTACHMENT/I_DECODER/cs_ce_clr                                                                       |                1 |              4 |         4.00 |
|  system_i/ADC/axis_red_pitaya_adc_0/inst/adc_clk |                                                                                                                                                              | system_i/axi_gpio_12/U0/AXI_LITE_IPIF_I/I_SLAVE_ATTACHMENT/clear                                                                                    |                1 |              4 |         4.00 |
|  system_i/ADC/axis_red_pitaya_adc_0/inst/adc_clk | system_i/axi_gpio_19/U0/AXI_LITE_IPIF_I/I_SLAVE_ATTACHMENT/start2                                                                                            | system_i/axi_gpio_19/U0/AXI_LITE_IPIF_I/I_SLAVE_ATTACHMENT/I_DECODER/cs_ce_clr                                                                      |                1 |              4 |         4.00 |
|  system_i/ADC/axis_red_pitaya_adc_0/inst/adc_clk | system_i/axi_gpio_19/U0/AXI_LITE_IPIF_I/I_SLAVE_ATTACHMENT/bus2ip_addr_i[8]_i_1_n_0                                                                          | system_i/axi_gpio_19/U0/AXI_LITE_IPIF_I/I_SLAVE_ATTACHMENT/SS[0]                                                                                    |                1 |              4 |         4.00 |
|  system_i/ADC/axis_red_pitaya_adc_0/inst/adc_clk |                                                                                                                                                              | system_i/axi_gpio_13/U0/AXI_LITE_IPIF_I/I_SLAVE_ATTACHMENT/clear                                                                                    |                1 |              4 |         4.00 |
|  system_i/ADC/axis_red_pitaya_adc_0/inst/adc_clk |                                                                                                                                                              | system_i/axi_gpio_14/U0/AXI_LITE_IPIF_I/I_SLAVE_ATTACHMENT/clear                                                                                    |                1 |              4 |         4.00 |
|  system_i/ADC/axis_red_pitaya_adc_0/inst/adc_clk | system_i/axi_gpio_20/U0/AXI_LITE_IPIF_I/I_SLAVE_ATTACHMENT/start2                                                                                            | system_i/axi_gpio_20/U0/AXI_LITE_IPIF_I/I_SLAVE_ATTACHMENT/I_DECODER/cs_ce_clr                                                                      |                1 |              4 |         4.00 |
|  system_i/ADC/axis_red_pitaya_adc_0/inst/adc_clk |                                                                                                                                                              | system_i/axi_gpio_21/U0/AXI_LITE_IPIF_I/I_SLAVE_ATTACHMENT/clear                                                                                    |                1 |              4 |         4.00 |
|  system_i/ADC/axis_red_pitaya_adc_0/inst/adc_clk | system_i/axi_gpio_20/U0/AXI_LITE_IPIF_I/I_SLAVE_ATTACHMENT/bus2ip_addr_i[8]_i_1_n_0                                                                          | system_i/axi_gpio_20/U0/AXI_LITE_IPIF_I/I_SLAVE_ATTACHMENT/SR[0]                                                                                    |                2 |              4 |         2.00 |
|  system_i/ADC/axis_red_pitaya_adc_0/inst/adc_clk |                                                                                                                                                              | system_i/axi_gpio_20/U0/AXI_LITE_IPIF_I/I_SLAVE_ATTACHMENT/clear                                                                                    |                1 |              4 |         4.00 |
|  system_i/ADC/axis_red_pitaya_adc_0/inst/adc_clk | system_i/axi_gpio_21/U0/AXI_LITE_IPIF_I/I_SLAVE_ATTACHMENT/start2                                                                                            | system_i/axi_gpio_21/U0/AXI_LITE_IPIF_I/I_SLAVE_ATTACHMENT/I_DECODER/cs_ce_clr                                                                      |                1 |              4 |         4.00 |
|  system_i/ADC/axis_red_pitaya_adc_0/inst/adc_clk | system_i/axi_gpio_10/U0/AXI_LITE_IPIF_I/I_SLAVE_ATTACHMENT/bus2ip_addr_i[8]_i_1_n_0                                                                          | system_i/axi_gpio_10/U0/AXI_LITE_IPIF_I/I_SLAVE_ATTACHMENT/SR[0]                                                                                    |                1 |              4 |         4.00 |
|  system_i/ADC/axis_red_pitaya_adc_0/inst/adc_clk | system_i/axi_gpio_21/U0/AXI_LITE_IPIF_I/I_SLAVE_ATTACHMENT/bus2ip_addr_i[8]_i_1_n_0                                                                          | system_i/axi_gpio_21/U0/AXI_LITE_IPIF_I/I_SLAVE_ATTACHMENT/SS[0]                                                                                    |                1 |              4 |         4.00 |
|  system_i/ADC/axis_red_pitaya_adc_0/inst/adc_clk |                                                                                                                                                              | system_i/axi_gpio_19/U0/AXI_LITE_IPIF_I/I_SLAVE_ATTACHMENT/clear                                                                                    |                1 |              4 |         4.00 |
|  system_i/ADC/axis_red_pitaya_adc_0/inst/adc_clk | system_i/axi_gpio_14/U0/AXI_LITE_IPIF_I/I_SLAVE_ATTACHMENT/start2                                                                                            | system_i/axi_gpio_14/U0/AXI_LITE_IPIF_I/I_SLAVE_ATTACHMENT/I_DECODER/cs_ce_clr                                                                      |                1 |              4 |         4.00 |
|  system_i/ADC/axis_red_pitaya_adc_0/inst/adc_clk |                                                                                                                                                              | system_i/axi_gpio_2/U0/AXI_LITE_IPIF_I/I_SLAVE_ATTACHMENT/clear                                                                                     |                1 |              4 |         4.00 |
|  system_i/ADC/axis_red_pitaya_adc_0/inst/adc_clk | system_i/axi_gpio_14/U0/AXI_LITE_IPIF_I/I_SLAVE_ATTACHMENT/bus2ip_addr_i[8]_i_1_n_0                                                                          | system_i/axi_gpio_14/U0/AXI_LITE_IPIF_I/I_SLAVE_ATTACHMENT/SR[0]                                                                                    |                1 |              4 |         4.00 |
|  system_i/ADC/axis_red_pitaya_adc_0/inst/adc_clk | system_i/axi_gpio_13/U0/AXI_LITE_IPIF_I/I_SLAVE_ATTACHMENT/bus2ip_addr_i[8]_i_1_n_0                                                                          | system_i/axi_gpio_13/U0/AXI_LITE_IPIF_I/I_SLAVE_ATTACHMENT/SS[0]                                                                                    |                1 |              4 |         4.00 |
|  system_i/ADC/axis_red_pitaya_adc_0/inst/adc_clk | system_i/axi_gpio_10/U0/AXI_LITE_IPIF_I/I_SLAVE_ATTACHMENT/start2                                                                                            | system_i/axi_gpio_10/U0/AXI_LITE_IPIF_I/I_SLAVE_ATTACHMENT/I_DECODER/cs_ce_clr                                                                      |                1 |              4 |         4.00 |
|  system_i/ADC/axis_red_pitaya_adc_0/inst/adc_clk |                                                                                                                                                              | system_i/axi_gpio_7/U0/AXI_LITE_IPIF_I/I_SLAVE_ATTACHMENT/clear                                                                                     |                1 |              4 |         4.00 |
|  system_i/ADC/axis_red_pitaya_adc_0/inst/adc_clk | system_i/axi_gpio_13/U0/AXI_LITE_IPIF_I/I_SLAVE_ATTACHMENT/start2                                                                                            | system_i/axi_gpio_13/U0/AXI_LITE_IPIF_I/I_SLAVE_ATTACHMENT/I_DECODER/cs_ce_clr                                                                      |                1 |              4 |         4.00 |
|  system_i/ADC/axis_red_pitaya_adc_0/inst/adc_clk |                                                                                                                                                              | system_i/axi_gpio_4/U0/AXI_LITE_IPIF_I/I_SLAVE_ATTACHMENT/clear                                                                                     |                1 |              4 |         4.00 |
|  system_i/ADC/axis_red_pitaya_adc_0/inst/adc_clk |                                                                                                                                                              | system_i/axi_gpio_6/U0/AXI_LITE_IPIF_I/I_SLAVE_ATTACHMENT/clear                                                                                     |                1 |              4 |         4.00 |
|  system_i/ADC/axis_red_pitaya_adc_0/inst/adc_clk | system_i/axi_gpio_12/U0/AXI_LITE_IPIF_I/I_SLAVE_ATTACHMENT/start2                                                                                            | system_i/axi_gpio_12/U0/AXI_LITE_IPIF_I/I_SLAVE_ATTACHMENT/I_DECODER/cs_ce_clr                                                                      |                1 |              4 |         4.00 |
|  system_i/ADC/axis_red_pitaya_adc_0/inst/adc_clk |                                                                                                                                                              | system_i/axi_gpio_5/U0/AXI_LITE_IPIF_I/I_SLAVE_ATTACHMENT/clear                                                                                     |                1 |              4 |         4.00 |
|  system_i/ADC/axis_red_pitaya_adc_0/inst/adc_clk | system_i/axi_gpio_12/U0/AXI_LITE_IPIF_I/I_SLAVE_ATTACHMENT/bus2ip_addr_i[8]_i_1_n_0                                                                          | system_i/axi_gpio_12/U0/AXI_LITE_IPIF_I/I_SLAVE_ATTACHMENT/SS[0]                                                                                    |                1 |              4 |         4.00 |
|  system_i/ADC/axis_red_pitaya_adc_0/inst/adc_clk | system_i/axi_gpio_8/U0/AXI_LITE_IPIF_I/I_SLAVE_ATTACHMENT/bus2ip_addr_i[8]_i_1_n_0                                                                           | system_i/axi_gpio_8/U0/AXI_LITE_IPIF_I/I_SLAVE_ATTACHMENT/SR[0]                                                                                     |                1 |              4 |         4.00 |
|  system_i/ADC/axis_red_pitaya_adc_0/inst/adc_clk |                                                                                                                                                              | system_i/rst_ps7_0_50M/U0/EXT_LPF/lpf_int                                                                                                           |                1 |              4 |         4.00 |
|  system_i/ADC/axis_red_pitaya_adc_0/inst/adc_clk | system_i/axi_gpio_8/U0/AXI_LITE_IPIF_I/I_SLAVE_ATTACHMENT/start2                                                                                             | system_i/axi_gpio_8/U0/AXI_LITE_IPIF_I/I_SLAVE_ATTACHMENT/I_DECODER/cs_ce_clr                                                                       |                1 |              4 |         4.00 |
|  system_i/ADC/axis_red_pitaya_adc_0/inst/adc_clk | system_i/axi_gpio_9/U0/AXI_LITE_IPIF_I/I_SLAVE_ATTACHMENT/start2                                                                                             | system_i/axi_gpio_9/U0/AXI_LITE_IPIF_I/I_SLAVE_ATTACHMENT/I_DECODER/cs_ce_clr                                                                       |                1 |              4 |         4.00 |
|  system_i/ADC/axis_red_pitaya_adc_0/inst/adc_clk | system_i/axi_gpio_9/U0/AXI_LITE_IPIF_I/I_SLAVE_ATTACHMENT/bus2ip_addr_i[8]_i_1_n_0                                                                           | system_i/axi_gpio_9/U0/AXI_LITE_IPIF_I/I_SLAVE_ATTACHMENT/SS[0]                                                                                     |                1 |              4 |         4.00 |
|  system_i/ADC/axis_red_pitaya_adc_0/inst/adc_clk |                                                                                                                                                              | system_i/ps7_0_axi_periph/s00_couplers/auto_pc/inst/gen_axilite.gen_b2s_conv.axilite_b2s/SI_REG/ar.ar_pipe/aresetn_d_reg[1]_inv_0                   |                3 |              4 |         1.33 |
|  system_i/ADC/axis_red_pitaya_adc_0/inst/adc_clk |                                                                                                                                                              | system_i/ps7_0_axi_periph/s00_couplers/auto_pc/inst/gen_axilite.gen_b2s_conv.axilite_b2s/SI_REG/aw.aw_pipe/aresetn_d_reg[0]_0                       |                3 |              4 |         1.33 |
|  system_i/ADC/axis_red_pitaya_adc_0/inst/adc_clk | system_i/axi_gpio_16/U0/AXI_LITE_IPIF_I/I_SLAVE_ATTACHMENT/start2                                                                                            | system_i/axi_gpio_16/U0/AXI_LITE_IPIF_I/I_SLAVE_ATTACHMENT/I_DECODER/cs_ce_clr                                                                      |                1 |              4 |         4.00 |
|  system_i/ADC/axis_red_pitaya_adc_0/inst/adc_clk | system_i/axi_gpio_16/U0/AXI_LITE_IPIF_I/I_SLAVE_ATTACHMENT/bus2ip_addr_i[8]_i_1_n_0                                                                          | system_i/axi_gpio_16/U0/AXI_LITE_IPIF_I/I_SLAVE_ATTACHMENT/SR[0]                                                                                    |                1 |              4 |         4.00 |
|  system_i/ADC/axis_red_pitaya_adc_0/inst/adc_clk | system_i/axi_gpio_18/U0/AXI_LITE_IPIF_I/I_SLAVE_ATTACHMENT/bus2ip_addr_i[8]_i_1_n_0                                                                          | system_i/axi_gpio_18/U0/AXI_LITE_IPIF_I/I_SLAVE_ATTACHMENT/SR[0]                                                                                    |                1 |              4 |         4.00 |
|  system_i/ADC/axis_red_pitaya_adc_0/inst/adc_clk | system_i/axi_gpio_22/U0/AXI_LITE_IPIF_I/I_SLAVE_ATTACHMENT/bus2ip_addr_i[8]_i_1_n_0                                                                          | system_i/axi_gpio_22/U0/AXI_LITE_IPIF_I/I_SLAVE_ATTACHMENT/SR[0]                                                                                    |                2 |              4 |         2.00 |
|  system_i/ADC/axis_red_pitaya_adc_0/inst/adc_clk | system_i/axi_gpio_18/U0/AXI_LITE_IPIF_I/I_SLAVE_ATTACHMENT/start2                                                                                            | system_i/axi_gpio_18/U0/AXI_LITE_IPIF_I/I_SLAVE_ATTACHMENT/I_DECODER/cs_ce_clr                                                                      |                1 |              4 |         4.00 |
|  system_i/ADC/axis_red_pitaya_adc_0/inst/adc_clk | system_i/axi_gpio_17/U0/AXI_LITE_IPIF_I/I_SLAVE_ATTACHMENT/bus2ip_addr_i[8]_i_1_n_0                                                                          | system_i/axi_gpio_17/U0/AXI_LITE_IPIF_I/I_SLAVE_ATTACHMENT/SS[0]                                                                                    |                1 |              4 |         4.00 |
|  system_i/ADC/axis_red_pitaya_adc_0/inst/adc_clk | system_i/axi_gpio_17/U0/AXI_LITE_IPIF_I/I_SLAVE_ATTACHMENT/start2                                                                                            | system_i/axi_gpio_17/U0/AXI_LITE_IPIF_I/I_SLAVE_ATTACHMENT/I_DECODER/cs_ce_clr                                                                      |                1 |              4 |         4.00 |
|  system_i/ADC/axis_red_pitaya_adc_0/inst/adc_clk | system_i/axi_gpio_22/U0/AXI_LITE_IPIF_I/I_SLAVE_ATTACHMENT/start2                                                                                            | system_i/axi_gpio_22/U0/AXI_LITE_IPIF_I/I_SLAVE_ATTACHMENT/I_DECODER/cs_ce_clr                                                                      |                1 |              4 |         4.00 |
|  system_i/ADC/axis_red_pitaya_adc_0/inst/adc_clk | system_i/axi_gpio_0/U0/AXI_LITE_IPIF_I/I_SLAVE_ATTACHMENT/bus2ip_addr_i[8]_i_1_n_0                                                                           | system_i/axi_gpio_0/U0/AXI_LITE_IPIF_I/I_SLAVE_ATTACHMENT/SR[0]                                                                                     |                1 |              4 |         4.00 |
|  system_i/ADC/axis_red_pitaya_adc_0/inst/adc_clk | system_i/axi_gpio_3/U0/AXI_LITE_IPIF_I/I_SLAVE_ATTACHMENT/start2                                                                                             | system_i/axi_gpio_3/U0/AXI_LITE_IPIF_I/I_SLAVE_ATTACHMENT/I_DECODER/cs_ce_clr                                                                       |                1 |              4 |         4.00 |
|  system_i/ADC/axis_red_pitaya_adc_0/inst/adc_clk | system_i/ps7_0_axi_periph/s00_couplers/auto_pc/inst/gen_axilite.gen_b2s_conv.axilite_b2s/RD.r_channel_0/transaction_fifo_0/cnt_read[4]_i_1_n_0               | system_i/ps7_0_axi_periph/s00_couplers/auto_pc/inst/gen_axilite.gen_b2s_conv.axilite_b2s/areset_d1                                                  |                2 |              5 |         2.50 |
|  system_i/ADC/axis_red_pitaya_adc_0/inst/adc_clk | system_i/ps7_0_axi_periph/s00_couplers/auto_pc/inst/gen_axilite.gen_b2s_conv.axilite_b2s/RD.r_channel_0/rd_data_fifo_0/cnt_read[4]_i_1__0_n_0                | system_i/ps7_0_axi_periph/s00_couplers/auto_pc/inst/gen_axilite.gen_b2s_conv.axilite_b2s/areset_d1                                                  |                1 |              5 |         5.00 |
|  system_i/ADC/axis_red_pitaya_adc_0/inst/adc_clk | system_i/rst_ps7_0_50M/U0/SEQ/seq_cnt_en                                                                                                                     | system_i/rst_ps7_0_50M/U0/SEQ/SEQ_COUNTER/clear                                                                                                     |                1 |              6 |         6.00 |
|  system_i/ADC/axis_red_pitaya_adc_0/inst/adc_clk | system_i/LED_Contoller_0/inst/LED_output[7]_i_2_n_0                                                                                                          | system_i/LED_Contoller_0/inst/LED_output[7]_i_1_n_0                                                                                                 |                2 |              7 |         3.50 |
|  system_i/ADC/axis_red_pitaya_adc_0/inst/adc_clk | system_i/ps7_0_axi_periph/s00_couplers/auto_pc/inst/gen_axilite.gen_b2s_conv.axilite_b2s/WR.b_channel_0/mhandshake_r                                         | system_i/ps7_0_axi_periph/s00_couplers/auto_pc/inst/gen_axilite.gen_b2s_conv.axilite_b2s/WR.b_channel_0/bid_fifo_0/SR[0]                            |                2 |              8 |         4.00 |
|  system_i/ADC/axis_red_pitaya_adc_0/inst/adc_clk |                                                                                                                                                              | system_i/ps7_0_axi_periph/s00_couplers/auto_pc/inst/gen_axilite.gen_b2s_conv.axilite_b2s/areset_d1                                                  |                4 |             10 |         2.50 |
|  system_i/ADC/axis_red_pitaya_adc_0/inst/adc_clk | system_i/ps7_0_axi_periph/s00_couplers/auto_pc/inst/gen_axilite.gen_b2s_conv.axilite_b2s/RD.ar_channel_0/ar_cmd_fsm_0/sel_first_reg[0]                       |                                                                                                                                                     |                2 |             12 |         6.00 |
|  system_i/ADC/axis_red_pitaya_adc_0/inst/adc_clk | system_i/ps7_0_axi_periph/s00_couplers/auto_pc/inst/gen_axilite.gen_b2s_conv.axilite_b2s/RD.ar_channel_0/ar_cmd_fsm_0/E[0]                                   |                                                                                                                                                     |                4 |             12 |         3.00 |
|  system_i/ADC/axis_red_pitaya_adc_0/inst/adc_clk | system_i/ps7_0_axi_periph/s00_couplers/auto_pc/inst/gen_axilite.gen_b2s_conv.axilite_b2s/WR.aw_channel_0/aw_cmd_fsm_0/m_valid_i_reg[0]                       |                                                                                                                                                     |                5 |             12 |         2.40 |
|  system_i/ADC/axis_red_pitaya_adc_0/inst/adc_clk | system_i/ps7_0_axi_periph/s00_couplers/auto_pc/inst/gen_axilite.gen_b2s_conv.axilite_b2s/WR.aw_channel_0/cmd_translator_0/incr_cmd_0/axaddr_incr[11]_i_1_n_0 |                                                                                                                                                     |                2 |             12 |         6.00 |
|  system_i/ADC/axis_red_pitaya_adc_0/inst/adc_clk | system_i/ps7_0_axi_periph/s00_couplers/auto_pc/inst/gen_axilite.gen_b2s_conv.axilite_b2s/RD.r_channel_0/r_push_r                                             |                                                                                                                                                     |                4 |             13 |         3.25 |
|  system_i/ADC/axis_red_pitaya_adc_0/inst/adc_clk |                                                                                                                                                              | system_i/PI_ctrl_0/inst/out110_in                                                                                                                   |                3 |             13 |         4.33 |
|  system_i/ADC/axis_red_pitaya_adc_0/inst/adc_clk |                                                                                                                                                              | system_i/ps7_0_axi_periph/xbar/inst/gen_sasd.crossbar_sasd_0/addr_arbiter_inst/SR[0]                                                                |                5 |             13 |         2.60 |
|  system_i/ADC/axis_red_pitaya_adc_0/inst/adc_clk | system_i/PI_ctrl_0/inst/Kd                                                                                                                                   |                                                                                                                                                     |                8 |             13 |         1.63 |
|  system_i/ADC/axis_red_pitaya_adc_0/inst/adc_clk |                                                                                                                                                              | system_i/axi_gpio_18/U0/gpio_core_1/Read_Reg_Rst__0                                                                                                 |                6 |             14 |         2.33 |
|  system_i/ADC/axis_red_pitaya_adc_0/inst/adc_clk |                                                                                                                                                              | system_i/axi_gpio_0/U0/gpio_core_1/Read_Reg_Rst__0                                                                                                  |                4 |             14 |         3.50 |
|  system_i/ADC/axis_red_pitaya_adc_0/inst/adc_clk |                                                                                                                                                              | system_i/Square_Wave_0/inst/RSTP                                                                                                                    |                4 |             14 |         3.50 |
|  system_i/ADC/axis_red_pitaya_adc_0/inst/adc_clk |                                                                                                                                                              | system_i/axi_gpio_20/U0/gpio_core_1/Read_Reg_Rst__0                                                                                                 |                4 |             14 |         3.50 |
|  system_i/ADC/axis_red_pitaya_adc_0/inst/adc_clk |                                                                                                                                                              | system_i/axi_gpio_7/U0/gpio_core_1/Read_Reg_Rst__0                                                                                                  |                2 |             14 |         7.00 |
|  system_i/ADC/axis_red_pitaya_adc_0/inst/adc_clk |                                                                                                                                                              | system_i/axi_gpio_4/U0/gpio_core_1/Read_Reg_Rst__0                                                                                                  |                4 |             14 |         3.50 |
|  system_i/ADC/axis_red_pitaya_adc_0/inst/adc_clk |                                                                                                                                                              | system_i/axi_gpio_3/U0/gpio_core_1/Read_Reg_Rst__0                                                                                                  |                2 |             14 |         7.00 |
|  system_i/ADC/axis_red_pitaya_adc_0/inst/adc_clk |                                                                                                                                                              | system_i/axi_gpio_6/U0/gpio_core_1/Read_Reg_Rst__0                                                                                                  |                5 |             14 |         2.80 |
|  system_i/ADC/axis_red_pitaya_adc_0/inst/adc_clk |                                                                                                                                                              | system_i/axi_gpio_5/U0/gpio_core_1/Read_Reg_Rst__0                                                                                                  |                5 |             14 |         2.80 |
|  system_i/ADC/axis_red_pitaya_adc_0/inst/adc_clk | system_i/axi_gpio_18/U0/AXI_LITE_IPIF_I/I_SLAVE_ATTACHMENT/I_DECODER/E[0]                                                                                    | system_i/axi_gpio_18/U0/AXI_LITE_IPIF_I/I_SLAVE_ATTACHMENT/SR[0]                                                                                    |                4 |             14 |         3.50 |
|  system_i/ADC/axis_red_pitaya_adc_0/inst/adc_clk | system_i/axi_gpio_0/U0/AXI_LITE_IPIF_I/I_SLAVE_ATTACHMENT/I_DECODER/E[0]                                                                                     | system_i/axi_gpio_0/U0/AXI_LITE_IPIF_I/I_SLAVE_ATTACHMENT/SR[0]                                                                                     |                4 |             14 |         3.50 |
|  system_i/ADC/axis_red_pitaya_adc_0/inst/adc_clk | system_i/PI_ctrl_0/inst/gain1                                                                                                                                |                                                                                                                                                     |                3 |             14 |         4.67 |
|  system_i/ADC/axis_red_pitaya_adc_0/inst/adc_clk | system_i/PI_ctrl_0/inst/gain2                                                                                                                                |                                                                                                                                                     |                5 |             14 |         2.80 |
|  system_i/ADC/axis_red_pitaya_adc_0/inst/adc_clk | system_i/ps7_0_axi_periph/s00_couplers/auto_pc/inst/gen_axilite.gen_b2s_conv.axilite_b2s/SI_REG/b.b_pipe/s_ready_i_reg_0                                     |                                                                                                                                                     |                2 |             14 |         7.00 |
|  system_i/ADC/axis_red_pitaya_adc_0/inst/adc_clk | system_i/Ramp_0/inst/ramp_voltage[13]_i_1_n_0                                                                                                                |                                                                                                                                                     |                7 |             14 |         2.00 |
|  system_i/ADC/axis_red_pitaya_adc_0/inst/adc_clk | system_i/axi_gpio_3/U0/AXI_LITE_IPIF_I/I_SLAVE_ATTACHMENT/I_DECODER/E[0]                                                                                     | system_i/axi_gpio_3/U0/AXI_LITE_IPIF_I/I_SLAVE_ATTACHMENT/SR[0]                                                                                     |                5 |             14 |         2.80 |
|  system_i/ADC/axis_red_pitaya_adc_0/inst/adc_clk | system_i/axi_gpio_20/U0/AXI_LITE_IPIF_I/I_SLAVE_ATTACHMENT/I_DECODER/E[0]                                                                                    | system_i/axi_gpio_20/U0/AXI_LITE_IPIF_I/I_SLAVE_ATTACHMENT/SR[0]                                                                                    |                4 |             14 |         3.50 |
|  system_i/ADC/axis_red_pitaya_adc_0/inst/adc_clk | system_i/axi_gpio_7/U0/AXI_LITE_IPIF_I/I_SLAVE_ATTACHMENT/I_DECODER/E[0]                                                                                     | system_i/axi_gpio_7/U0/AXI_LITE_IPIF_I/I_SLAVE_ATTACHMENT/SR[0]                                                                                     |                4 |             14 |         3.50 |
|  system_i/ADC/axis_red_pitaya_adc_0/inst/adc_clk | system_i/axi_gpio_4/U0/AXI_LITE_IPIF_I/I_SLAVE_ATTACHMENT/I_DECODER/E[0]                                                                                     | system_i/axi_gpio_4/U0/AXI_LITE_IPIF_I/I_SLAVE_ATTACHMENT/SR[0]                                                                                     |                9 |             14 |         1.56 |
|  system_i/ADC/axis_red_pitaya_adc_0/inst/adc_clk | system_i/axi_gpio_6/U0/AXI_LITE_IPIF_I/I_SLAVE_ATTACHMENT/I_DECODER/E[0]                                                                                     | system_i/axi_gpio_6/U0/AXI_LITE_IPIF_I/I_SLAVE_ATTACHMENT/SR[0]                                                                                     |                6 |             14 |         2.33 |
|  system_i/ADC/axis_red_pitaya_adc_0/inst/adc_clk | system_i/scale_0/inst/upper_bound2_1                                                                                                                         | system_i/scale_0/inst/p_0_in                                                                                                                        |                6 |             14 |         2.33 |
|  system_i/ADC/axis_red_pitaya_adc_0/inst/adc_clk | system_i/scale_0/inst/upper_bound1_0                                                                                                                         | system_i/scale_0/inst/p_0_in                                                                                                                        |                4 |             14 |         3.50 |
|  system_i/ADC/axis_red_pitaya_adc_0/inst/adc_clk | system_i/scale_0/inst/gain1[31]_i_1_n_0                                                                                                                      | system_i/scale_0/inst/p_0_in                                                                                                                        |                5 |             14 |         2.80 |
|  system_i/ADC/axis_red_pitaya_adc_0/inst/adc_clk | system_i/scale_0/inst/gain2[31]_i_1_n_0                                                                                                                      | system_i/scale_0/inst/p_0_in                                                                                                                        |                7 |             14 |         2.00 |
|  system_i/ADC/axis_red_pitaya_adc_0/inst/adc_clk | system_i/scale_0/inst/offset1[30]_i_1_n_0                                                                                                                    | system_i/scale_0/inst/p_0_in                                                                                                                        |                4 |             14 |         3.50 |
|  system_i/ADC/axis_red_pitaya_adc_0/inst/adc_clk | system_i/scale_0/inst/lower_bound1_3                                                                                                                         | system_i/scale_0/inst/p_0_in                                                                                                                        |                4 |             14 |         3.50 |
|  system_i/ADC/axis_red_pitaya_adc_0/inst/adc_clk | system_i/scale_0/inst/lower_bound2_4                                                                                                                         | system_i/scale_0/inst/p_0_in                                                                                                                        |                5 |             14 |         2.80 |
|  system_i/ADC/axis_red_pitaya_adc_0/inst/adc_clk | system_i/scale_0/inst/offset2_2                                                                                                                              | system_i/scale_0/inst/p_0_in                                                                                                                        |                8 |             14 |         1.75 |
|  system_i/ADC/axis_red_pitaya_adc_0/inst/adc_clk | system_i/ps7_0_axi_periph/s00_couplers/auto_pc/inst/gen_axilite.gen_b2s_conv.axilite_b2s/SI_REG/b.b_pipe/p_1_in                                              |                                                                                                                                                     |                2 |             14 |         7.00 |
|  system_i/ADC/axis_red_pitaya_adc_0/inst/adc_clk | system_i/Voltage_Holder_1/inst/p_0_in                                                                                                                        |                                                                                                                                                     |                6 |             15 |         2.50 |
|  system_i/ADC/axis_red_pitaya_adc_0/inst/adc_clk | system_i/axi_gpio_0/U0/AXI_LITE_IPIF_I/I_SLAVE_ATTACHMENT/s_axi_rresp_i                                                                                      | system_i/axi_gpio_0/U0/AXI_LITE_IPIF_I/I_SLAVE_ATTACHMENT/SR[0]                                                                                     |                3 |             15 |         5.00 |
|  system_i/ADC/axis_red_pitaya_adc_0/inst/adc_clk | system_i/axi_gpio_3/U0/AXI_LITE_IPIF_I/I_SLAVE_ATTACHMENT/s_axi_rresp_i                                                                                      | system_i/axi_gpio_3/U0/AXI_LITE_IPIF_I/I_SLAVE_ATTACHMENT/SR[0]                                                                                     |                3 |             15 |         5.00 |
|  system_i/ADC/axis_red_pitaya_adc_0/inst/adc_clk | system_i/axi_gpio_6/U0/AXI_LITE_IPIF_I/I_SLAVE_ATTACHMENT/s_axi_rresp_i                                                                                      | system_i/axi_gpio_6/U0/AXI_LITE_IPIF_I/I_SLAVE_ATTACHMENT/SR[0]                                                                                     |                8 |             15 |         1.88 |
|  system_i/ADC/axis_red_pitaya_adc_0/inst/adc_clk | system_i/axi_gpio_4/U0/AXI_LITE_IPIF_I/I_SLAVE_ATTACHMENT/s_axi_rresp_i                                                                                      | system_i/axi_gpio_4/U0/AXI_LITE_IPIF_I/I_SLAVE_ATTACHMENT/SR[0]                                                                                     |                5 |             15 |         3.00 |
|  system_i/ADC/axis_red_pitaya_adc_0/inst/adc_clk | system_i/axi_gpio_20/U0/AXI_LITE_IPIF_I/I_SLAVE_ATTACHMENT/s_axi_rresp_i                                                                                     | system_i/axi_gpio_20/U0/AXI_LITE_IPIF_I/I_SLAVE_ATTACHMENT/SR[0]                                                                                    |                6 |             15 |         2.50 |
|  system_i/ADC/axis_red_pitaya_adc_0/inst/adc_clk | system_i/axi_gpio_18/U0/AXI_LITE_IPIF_I/I_SLAVE_ATTACHMENT/s_axi_rresp_i                                                                                     | system_i/axi_gpio_18/U0/AXI_LITE_IPIF_I/I_SLAVE_ATTACHMENT/SR[0]                                                                                    |                4 |             15 |         3.75 |
|  system_i/ADC/axis_red_pitaya_adc_0/inst/adc_clk | system_i/Scan_0/inst/max_a[31]_i_1_n_0                                                                                                                       | system_i/axi_gpio_17/U0/gpio_core_1/gpio_io_o[0]                                                                                                    |                5 |             15 |         3.00 |
|  system_i/ADC/axis_red_pitaya_adc_0/inst/adc_clk | system_i/Scan_0/inst/min_a[31]_i_1_n_0                                                                                                                       | system_i/axi_gpio_17/U0/gpio_core_1/gpio_io_o[0]                                                                                                    |                5 |             15 |         3.00 |
|  system_i/ADC/axis_red_pitaya_adc_0/inst/adc_clk | system_i/ps7_0_axi_periph/xbar/inst/gen_sasd.crossbar_sasd_0/reg_slice_r/aa_rready                                                                           |                                                                                                                                                     |                3 |             15 |         5.00 |
|  system_i/ADC/axis_red_pitaya_adc_0/inst/adc_clk | system_i/axi_gpio_7/U0/AXI_LITE_IPIF_I/I_SLAVE_ATTACHMENT/s_axi_rresp_i                                                                                      | system_i/axi_gpio_7/U0/AXI_LITE_IPIF_I/I_SLAVE_ATTACHMENT/SR[0]                                                                                     |                3 |             15 |         5.00 |
|  system_i/ADC/axis_red_pitaya_adc_0/inst/adc_clk | system_i/ps7_0_axi_periph/tier2_xbar_1/inst/gen_sasd.crossbar_sasd_0/reg_slice_r/aa_rready                                                                   |                                                                                                                                                     |                8 |             15 |         1.88 |
|  system_i/ADC/axis_red_pitaya_adc_0/inst/adc_clk | system_i/ps7_0_axi_periph/tier2_xbar_0/inst/gen_sasd.crossbar_sasd_0/reg_slice_r/aa_rready                                                                   |                                                                                                                                                     |                5 |             15 |         3.00 |
|  system_i/ADC/axis_red_pitaya_adc_0/inst/adc_clk | system_i/axi_gpio_5/U0/AXI_LITE_IPIF_I/I_SLAVE_ATTACHMENT/s_axi_rresp_i                                                                                      | system_i/axi_gpio_5/U0/AXI_LITE_IPIF_I/I_SLAVE_ATTACHMENT/SR[0]                                                                                     |                3 |             15 |         5.00 |
|  system_i/ADC/axis_red_pitaya_adc_0/inst/adc_clk | system_i/B_Select_0/inst/S_valid[0]_i_1_n_0                                                                                                                  |                                                                                                                                                     |                6 |             15 |         2.50 |
|  system_i/ADC/axis_red_pitaya_adc_0/inst/adc_clk | system_i/ps7_0_axi_periph/s00_couplers/auto_pc/inst/gen_axilite.gen_b2s_conv.axilite_b2s/WR.aw_channel_0/aw_cmd_fsm_0/m_axi_awready_0                        |                                                                                                                                                     |                3 |             16 |         5.33 |
|  system_i/ADC/axis_red_pitaya_adc_0/inst/adc_clk | system_i/Selector_0/inst/S_valid[0]_i_1_n_0                                                                                                                  |                                                                                                                                                     |                6 |             17 |         2.83 |
|  system_i/ADC/axis_red_pitaya_adc_0/inst/adc_clk |                                                                                                                                                              | system_i/ps7_0_axi_periph/tier2_xbar_0/inst/gen_sasd.crossbar_sasd_0/addr_arbiter_inst/SR[0]                                                        |                7 |             17 |         2.43 |
|  system_i/ADC/axis_red_pitaya_adc_0/inst/adc_clk |                                                                                                                                                              | system_i/ps7_0_axi_periph/tier2_xbar_1/inst/gen_sasd.crossbar_sasd_0/addr_arbiter_inst/SR[0]                                                        |                6 |             17 |         2.83 |
|  system_i/ADC/axis_red_pitaya_adc_0/inst/adc_clk |                                                                                                                                                              | system_i/axi_gpio_8/U0/gpio_core_1/Read_Reg_Rst__0                                                                                                  |                3 |             18 |         6.00 |
|  system_i/ADC/axis_red_pitaya_adc_0/inst/adc_clk | system_i/axi_gpio_8/U0/AXI_LITE_IPIF_I/I_SLAVE_ATTACHMENT/I_DECODER/E[0]                                                                                     | system_i/axi_gpio_8/U0/AXI_LITE_IPIF_I/I_SLAVE_ATTACHMENT/SR[0]                                                                                     |                5 |             18 |         3.60 |
|  system_i/ADC/axis_red_pitaya_adc_0/inst/adc_clk |                                                                                                                                                              | system_i/ps7_0_axi_periph/tier2_xbar_2/inst/gen_sasd.crossbar_sasd_0/addr_arbiter_inst/SR[0]                                                        |                8 |             18 |         2.25 |
|  system_i/ADC/axis_red_pitaya_adc_0/inst/adc_clk | system_i/ps7_0_axi_periph/tier2_xbar_1/inst/gen_sasd.crossbar_sasd_0/addr_arbiter_inst/p_0_in1_in                                                            | system_i/ps7_0_axi_periph/tier2_xbar_1/inst/gen_sasd.crossbar_sasd_0/addr_arbiter_inst/SR[0]                                                        |                6 |             19 |         3.17 |
|  system_i/ADC/axis_red_pitaya_adc_0/inst/adc_clk | system_i/ps7_0_axi_periph/tier2_xbar_0/inst/gen_sasd.crossbar_sasd_0/addr_arbiter_inst/p_0_in1_in                                                            | system_i/ps7_0_axi_periph/tier2_xbar_0/inst/gen_sasd.crossbar_sasd_0/addr_arbiter_inst/SR[0]                                                        |                6 |             19 |         3.17 |
|  system_i/ADC/axis_red_pitaya_adc_0/inst/adc_clk | system_i/axi_gpio_8/U0/AXI_LITE_IPIF_I/I_SLAVE_ATTACHMENT/s_axi_rresp_i                                                                                      | system_i/axi_gpio_8/U0/AXI_LITE_IPIF_I/I_SLAVE_ATTACHMENT/SR[0]                                                                                     |                8 |             19 |         2.38 |
|  system_i/ADC/axis_red_pitaya_adc_0/inst/adc_clk | system_i/ps7_0_axi_periph/xbar/inst/gen_sasd.crossbar_sasd_0/addr_arbiter_inst/p_0_in1_in                                                                    | system_i/ps7_0_axi_periph/xbar/inst/gen_sasd.crossbar_sasd_0/addr_arbiter_inst/SR[0]                                                                |                5 |             19 |         3.80 |
|  system_i/ADC/axis_red_pitaya_adc_0/inst/adc_clk | system_i/ps7_0_axi_periph/tier2_xbar_2/inst/gen_sasd.crossbar_sasd_0/addr_arbiter_inst/p_0_in1_in                                                            | system_i/ps7_0_axi_periph/tier2_xbar_2/inst/gen_sasd.crossbar_sasd_0/addr_arbiter_inst/SR[0]                                                        |                5 |             19 |         3.80 |
|  system_i/ADC/axis_red_pitaya_adc_0/inst/adc_clk | system_i/PI_ctrl_0/inst/Ki                                                                                                                                   |                                                                                                                                                     |                8 |             20 |         2.50 |
|  system_i/ADC/axis_red_pitaya_adc_0/inst/adc_clk | system_i/PI_ctrl_0/inst/Kp                                                                                                                                   |                                                                                                                                                     |                9 |             20 |         2.22 |
|  system_i/ADC/axis_red_pitaya_adc_0/inst/adc_clk |                                                                                                                                                              | system_i/axi_gpio_1/U0/AXI_LITE_IPIF_I/I_SLAVE_ATTACHMENT/SS[0]                                                                                     |                8 |             20 |         2.50 |
|  system_i/ADC/axis_red_pitaya_adc_0/inst/adc_clk |                                                                                                                                                              | system_i/axi_gpio_19/U0/AXI_LITE_IPIF_I/I_SLAVE_ATTACHMENT/SS[0]                                                                                    |                7 |             20 |         2.86 |
|  system_i/ADC/axis_red_pitaya_adc_0/inst/adc_clk |                                                                                                                                                              | system_i/axi_gpio_9/U0/AXI_LITE_IPIF_I/I_SLAVE_ATTACHMENT/SS[0]                                                                                     |                6 |             20 |         3.33 |
|  system_i/ADC/axis_red_pitaya_adc_0/inst/adc_clk |                                                                                                                                                              | system_i/axi_gpio_17/U0/AXI_LITE_IPIF_I/I_SLAVE_ATTACHMENT/SS[0]                                                                                    |                5 |             20 |         4.00 |
|  system_i/ADC/axis_red_pitaya_adc_0/inst/adc_clk |                                                                                                                                                              | system_i/axi_gpio_21/U0/AXI_LITE_IPIF_I/I_SLAVE_ATTACHMENT/SS[0]                                                                                    |                6 |             20 |         3.33 |
|  system_i/ADC/axis_red_pitaya_adc_0/inst/adc_clk |                                                                                                                                                              | system_i/axi_gpio_13/U0/AXI_LITE_IPIF_I/I_SLAVE_ATTACHMENT/SS[0]                                                                                    |                5 |             20 |         4.00 |
|  system_i/ADC/axis_red_pitaya_adc_0/inst/adc_clk |                                                                                                                                                              | system_i/axi_gpio_12/U0/AXI_LITE_IPIF_I/I_SLAVE_ATTACHMENT/SS[0]                                                                                    |                7 |             20 |         2.86 |
|  system_i/ADC/axis_red_pitaya_adc_0/inst/adc_clk | system_i/ps7_0_axi_periph/s00_couplers/auto_pc/inst/gen_axilite.gen_b2s_conv.axilite_b2s/RD.ar_channel_0/ar_cmd_fsm_0/m_axi_arready_2                        |                                                                                                                                                     |                9 |             21 |         2.33 |
|  system_i/ADC/axis_red_pitaya_adc_0/inst/adc_clk |                                                                                                                                                              | system_i/axi_gpio_15/U0/AXI_LITE_IPIF_I/I_SLAVE_ATTACHMENT/SR[0]                                                                                    |                7 |             22 |         3.14 |
|  system_i/ADC/axis_red_pitaya_adc_0/inst/adc_clk |                                                                                                                                                              | system_i/axi_gpio_14/U0/AXI_LITE_IPIF_I/I_SLAVE_ATTACHMENT/SR[0]                                                                                    |                8 |             23 |         2.88 |
|  system_i/ADC/axis_red_pitaya_adc_0/inst/adc_clk |                                                                                                                                                              | system_i/axi_gpio_16/U0/AXI_LITE_IPIF_I/I_SLAVE_ATTACHMENT/SR[0]                                                                                    |                8 |             23 |         2.88 |
|  system_i/ADC/axis_red_pitaya_adc_0/inst/adc_clk | system_i/ps7_0_axi_periph/s00_couplers/auto_pc/inst/gen_axilite.gen_b2s_conv.axilite_b2s/WR.aw_channel_0/aw_cmd_fsm_0/FSM_sequential_state_reg[0]_1          |                                                                                                                                                     |                9 |             24 |         2.67 |
|  system_i/ADC/axis_red_pitaya_adc_0/inst/adc_clk | system_i/axi_gpio_5/U0/AXI_LITE_IPIF_I/I_SLAVE_ATTACHMENT/I_DECODER/E[0]                                                                                     | system_i/axi_gpio_5/U0/AXI_LITE_IPIF_I/I_SLAVE_ATTACHMENT/SR[0]                                                                                     |                9 |             27 |         3.00 |
|  system_i/ADC/axis_red_pitaya_adc_0/inst/adc_clk |                                                                                                                                                              | system_i/axis_red_pitaya_dac_0/inst/int_rst_reg_i_1_n_0                                                                                             |                7 |             28 |         4.00 |
|  system_i/ADC/axis_red_pitaya_adc_0/inst/adc_clk | system_i/Voltage_Holder_0/inst/p_0_in                                                                                                                        |                                                                                                                                                     |                9 |             29 |         3.22 |
|  system_i/ADC/axis_red_pitaya_adc_0/inst/adc_clk |                                                                                                                                                              | system_i/axi_gpio_5/U0/AXI_LITE_IPIF_I/I_SLAVE_ATTACHMENT/SR[0]                                                                                     |                9 |             30 |         3.33 |
|  system_i/ADC/axis_red_pitaya_adc_0/inst/adc_clk |                                                                                                                                                              | system_i/axi_gpio_6/U0/AXI_LITE_IPIF_I/I_SLAVE_ATTACHMENT/SR[0]                                                                                     |               11 |             30 |         2.73 |
|  system_i/ADC/axis_red_pitaya_adc_0/inst/adc_clk |                                                                                                                                                              | system_i/axi_gpio_4/U0/AXI_LITE_IPIF_I/I_SLAVE_ATTACHMENT/SR[0]                                                                                     |               11 |             30 |         2.73 |
|  system_i/ADC/axis_red_pitaya_adc_0/inst/adc_clk |                                                                                                                                                              | system_i/axi_gpio_20/U0/AXI_LITE_IPIF_I/I_SLAVE_ATTACHMENT/SR[0]                                                                                    |               10 |             30 |         3.00 |
|  system_i/ADC/axis_red_pitaya_adc_0/inst/adc_clk |                                                                                                                                                              | system_i/axi_gpio_3/U0/AXI_LITE_IPIF_I/I_SLAVE_ATTACHMENT/SR[0]                                                                                     |               10 |             30 |         3.00 |
|  system_i/ADC/axis_red_pitaya_adc_0/inst/adc_clk |                                                                                                                                                              | system_i/axi_gpio_7/U0/AXI_LITE_IPIF_I/I_SLAVE_ATTACHMENT/SR[0]                                                                                     |                9 |             30 |         3.33 |
|  system_i/ADC/axis_red_pitaya_adc_0/inst/adc_clk |                                                                                                                                                              | system_i/axi_gpio_0/U0/AXI_LITE_IPIF_I/I_SLAVE_ATTACHMENT/SR[0]                                                                                     |                9 |             30 |         3.33 |
|  system_i/ADC/axis_red_pitaya_adc_0/inst/adc_clk |                                                                                                                                                              | system_i/axi_gpio_18/U0/AXI_LITE_IPIF_I/I_SLAVE_ATTACHMENT/SR[0]                                                                                    |                9 |             30 |         3.33 |
|  system_i/ADC/axis_red_pitaya_adc_0/inst/adc_clk | system_i/axi_gpio_22/U0/AXI_LITE_IPIF_I/I_SLAVE_ATTACHMENT/s_axi_rresp_i                                                                                     | system_i/axi_gpio_22/U0/AXI_LITE_IPIF_I/I_SLAVE_ATTACHMENT/SR[0]                                                                                    |               12 |             32 |         2.67 |
|  system_i/ADC/axis_red_pitaya_adc_0/inst/adc_clk | system_i/axi_gpio_10/U0/AXI_LITE_IPIF_I/I_SLAVE_ATTACHMENT/I_DECODER/E[0]                                                                                    | system_i/axi_gpio_10/U0/AXI_LITE_IPIF_I/I_SLAVE_ATTACHMENT/SR[0]                                                                                    |               14 |             32 |         2.29 |
|  system_i/ADC/axis_red_pitaya_adc_0/inst/adc_clk | system_i/PI_ctrl_0/inst/intLimMax                                                                                                                            |                                                                                                                                                     |               11 |             32 |         2.91 |
|  system_i/ADC/axis_red_pitaya_adc_0/inst/adc_clk |                                                                                                                                                              | system_i/axi_gpio_2/U0/gpio_core_1/Read_Reg_Rst__0                                                                                                  |                6 |             32 |         5.33 |
|  system_i/ADC/axis_red_pitaya_adc_0/inst/adc_clk | system_i/axi_gpio_21/U0/gpio_core_1/gpio_io_o[0]                                                                                                             | system_i/Square_Wave_0/inst/magnitude_sign_0                                                                                                        |                8 |             32 |         4.00 |
|  system_i/ADC/axis_red_pitaya_adc_0/inst/adc_clk | system_i/Ramp_0/inst/counter[0]_i_2_n_0                                                                                                                      | system_i/Ramp_0/inst/counter[0]_i_1_n_0                                                                                                             |                8 |             32 |         4.00 |
|  system_i/ADC/axis_red_pitaya_adc_0/inst/adc_clk |                                                                                                                                                              | system_i/axi_gpio_10/U0/gpio_core_1/Read_Reg_Rst__0                                                                                                 |               13 |             32 |         2.46 |
|  system_i/ADC/axis_red_pitaya_adc_0/inst/adc_clk | system_i/axi_gpio_10/U0/AXI_LITE_IPIF_I/I_SLAVE_ATTACHMENT/s_axi_rresp_i                                                                                     | system_i/axi_gpio_10/U0/AXI_LITE_IPIF_I/I_SLAVE_ATTACHMENT/SR[0]                                                                                    |                9 |             32 |         3.56 |
|  system_i/ADC/axis_red_pitaya_adc_0/inst/adc_clk | system_i/axi_gpio_11/U0/AXI_LITE_IPIF_I/I_SLAVE_ATTACHMENT/s_axi_rresp_i                                                                                     | system_i/axi_gpio_11/U0/AXI_LITE_IPIF_I/I_SLAVE_ATTACHMENT/SR[0]                                                                                    |                8 |             32 |         4.00 |
|  system_i/ADC/axis_red_pitaya_adc_0/inst/adc_clk | system_i/axi_gpio_11/U0/AXI_LITE_IPIF_I/I_SLAVE_ATTACHMENT/I_DECODER/E[0]                                                                                    | system_i/axi_gpio_11/U0/AXI_LITE_IPIF_I/I_SLAVE_ATTACHMENT/SR[0]                                                                                    |                6 |             32 |         5.33 |
|  system_i/ADC/axis_red_pitaya_adc_0/inst/adc_clk | system_i/axi_gpio_2/U0/AXI_LITE_IPIF_I/I_SLAVE_ATTACHMENT/s_axi_rresp_i                                                                                      | system_i/axi_gpio_2/U0/AXI_LITE_IPIF_I/I_SLAVE_ATTACHMENT/SR[0]                                                                                     |                8 |             32 |         4.00 |
|  system_i/ADC/axis_red_pitaya_adc_0/inst/adc_clk | system_i/PI_ctrl_0/inst/intLimMin                                                                                                                            |                                                                                                                                                     |               13 |             32 |         2.46 |
|  system_i/ADC/axis_red_pitaya_adc_0/inst/adc_clk | system_i/axi_gpio_2/U0/AXI_LITE_IPIF_I/I_SLAVE_ATTACHMENT/I_DECODER/E[0]                                                                                     | system_i/axi_gpio_2/U0/AXI_LITE_IPIF_I/I_SLAVE_ATTACHMENT/SR[0]                                                                                     |                7 |             32 |         4.57 |
|  system_i/ADC/axis_red_pitaya_adc_0/inst/adc_clk | system_i/axi_gpio_22/U0/AXI_LITE_IPIF_I/I_SLAVE_ATTACHMENT/I_DECODER/E[0]                                                                                    | system_i/axi_gpio_22/U0/AXI_LITE_IPIF_I/I_SLAVE_ATTACHMENT/SR[0]                                                                                    |                6 |             32 |         5.33 |
|  system_i/ADC/axis_red_pitaya_adc_0/inst/adc_clk |                                                                                                                                                              | system_i/axi_gpio_11/U0/AXI_LITE_IPIF_I/I_SLAVE_ATTACHMENT/I_DECODER/bus2ip_rnw_i_reg                                                               |                9 |             32 |         3.56 |
|  system_i/ADC/axis_red_pitaya_adc_0/inst/adc_clk |                                                                                                                                                              | system_i/axi_gpio_22/U0/gpio_core_1/Read_Reg_Rst__0                                                                                                 |                6 |             32 |         5.33 |
|  system_i/ADC/axis_red_pitaya_adc_0/inst/adc_clk |                                                                                                                                                              | system_i/PI_ctrl_0/inst/intermediate_out1[63]_i_1_n_0                                                                                               |                7 |             33 |         4.71 |
|  system_i/ADC/axis_red_pitaya_adc_0/inst/adc_clk | system_i/ps7_0_axi_periph/tier2_xbar_2/inst/gen_sasd.crossbar_sasd_0/reg_slice_r/aa_rready                                                                   |                                                                                                                                                     |                9 |             34 |         3.78 |
|  system_i/ADC/axis_red_pitaya_adc_0/inst/adc_clk | system_i/ps7_0_axi_periph/s00_couplers/auto_pc/inst/gen_axilite.gen_b2s_conv.axilite_b2s/RD.r_channel_0/rd_data_fifo_0/wr_en0                                |                                                                                                                                                     |                9 |             34 |         3.78 |
|  system_i/ADC/axis_red_pitaya_adc_0/inst/adc_clk |                                                                                                                                                              | system_i/axi_gpio_8/U0/AXI_LITE_IPIF_I/I_SLAVE_ATTACHMENT/SR[0]                                                                                     |               10 |             34 |         3.40 |
|  system_i/ADC/axis_red_pitaya_adc_0/inst/adc_clk | system_i/ps7_0_axi_periph/tier2_xbar_2/inst/gen_sasd.crossbar_sasd_0/addr_arbiter_inst/E[0]                                                                  |                                                                                                                                                     |               10 |             35 |         3.50 |
|  system_i/ADC/axis_red_pitaya_adc_0/inst/adc_clk | system_i/ps7_0_axi_periph/tier2_xbar_0/inst/gen_sasd.crossbar_sasd_0/addr_arbiter_inst/E[0]                                                                  |                                                                                                                                                     |                6 |             35 |         5.83 |
|  system_i/ADC/axis_red_pitaya_adc_0/inst/adc_clk | system_i/ps7_0_axi_periph/tier2_xbar_1/inst/gen_sasd.crossbar_sasd_0/addr_arbiter_inst/E[0]                                                                  |                                                                                                                                                     |               12 |             35 |         2.92 |
|  system_i/ADC/axis_red_pitaya_adc_0/inst/adc_clk | system_i/ps7_0_axi_periph/xbar/inst/gen_sasd.crossbar_sasd_0/addr_arbiter_inst/E[0]                                                                          |                                                                                                                                                     |                9 |             35 |         3.89 |
|  system_i/ADC/axis_red_pitaya_adc_0/inst/adc_clk |                                                                                                                                                              | system_i/axi_gpio_11/U0/AXI_LITE_IPIF_I/I_SLAVE_ATTACHMENT/SR[0]                                                                                    |               13 |             47 |         3.62 |
|  system_i/ADC/axis_red_pitaya_adc_0/inst/adc_clk |                                                                                                                                                              | system_i/axi_gpio_2/U0/AXI_LITE_IPIF_I/I_SLAVE_ATTACHMENT/SR[0]                                                                                     |               15 |             47 |         3.13 |
|  system_i/ADC/axis_red_pitaya_adc_0/inst/adc_clk |                                                                                                                                                              | system_i/axi_gpio_10/U0/AXI_LITE_IPIF_I/I_SLAVE_ATTACHMENT/SR[0]                                                                                    |               13 |             47 |         3.62 |
|  system_i/ADC/axis_red_pitaya_adc_0/inst/adc_clk | system_i/ps7_0_axi_periph/s00_couplers/auto_pc/inst/gen_axilite.gen_b2s_conv.axilite_b2s/SI_REG/r.r_pipe/p_1_in                                              |                                                                                                                                                     |                8 |             47 |         5.88 |
|  system_i/ADC/axis_red_pitaya_adc_0/inst/adc_clk | system_i/ps7_0_axi_periph/s00_couplers/auto_pc/inst/gen_axilite.gen_b2s_conv.axilite_b2s/SI_REG/r.r_pipe/s_ready_i_reg_0                                     |                                                                                                                                                     |                9 |             47 |         5.22 |
|  system_i/ADC/axis_red_pitaya_adc_0/inst/adc_clk |                                                                                                                                                              | system_i/axi_gpio_22/U0/AXI_LITE_IPIF_I/I_SLAVE_ATTACHMENT/SR[0]                                                                                    |               13 |             47 |         3.62 |
|  system_i/ADC/axis_red_pitaya_adc_0/inst/adc_clk | system_i/ps7_0_axi_periph/s00_couplers/auto_pc/inst/gen_axilite.gen_b2s_conv.axilite_b2s/WR.aw_channel_0/aw_cmd_fsm_0/E[0]                                   |                                                                                                                                                     |               10 |             48 |         4.80 |
|  system_i/ADC/axis_red_pitaya_adc_0/inst/adc_clk | system_i/ps7_0_axi_periph/s00_couplers/auto_pc/inst/gen_axilite.gen_b2s_conv.axilite_b2s/SI_REG/ar.ar_pipe/s_ready_i_reg_0                                   |                                                                                                                                                     |               10 |             48 |         4.80 |
|  system_i/ADC/axis_red_pitaya_adc_0/inst/adc_clk | system_i/ps7_0_axi_periph/s00_couplers/auto_pc/inst/gen_axilite.gen_b2s_conv.axilite_b2s/SI_REG/aw.aw_pipe/s_ready_i_reg_0                                   |                                                                                                                                                     |               11 |             48 |         4.36 |
|  system_i/ADC/axis_red_pitaya_adc_0/inst/adc_clk | system_i/ps7_0_axi_periph/s00_couplers/auto_pc/inst/gen_axilite.gen_b2s_conv.axilite_b2s/RD.ar_channel_0/ar_cmd_fsm_0/m_valid_i_reg[0]                       |                                                                                                                                                     |               12 |             48 |         4.00 |
|  system_i/ADC/axis_red_pitaya_adc_0/inst/adc_clk |                                                                                                                                                              |                                                                                                                                                     |              287 |            825 |         2.87 |
+--------------------------------------------------+--------------------------------------------------------------------------------------------------------------------------------------------------------------+-----------------------------------------------------------------------------------------------------------------------------------------------------+------------------+----------------+--------------+


