#-----------------------------------------------------------
# Vivado v2022.1 (64-bit)
# SW Build 3526262 on Mon Apr 18 15:48:16 MDT 2022
# IP Build 3524634 on Mon Apr 18 20:55:01 MDT 2022
# Start of session at: Fri Sep 15 18:20:16 2023
# Process ID: 5224
# Current directory: E:/FPGA_folder/Xilinix/Vivado/2022.1/bin/unwrapped/win64.o
# Command line: vivado.exe -gui_launcher_event rodinguilauncherevent29036
# Log file: E:/FPGA_folder/Xilinix/Vivado/2022.1/bin/unwrapped/win64.o/vivado.log
# Journal file: E:/FPGA_folder/Xilinix/Vivado/2022.1/bin/unwrapped/win64.o\vivado.jou
# Running On: MBQD-WS-11, OS: Windows, CPU Frequency: 3192 MHz, CPU Physical cores: 4, Host memory: 17037 MB
#-----------------------------------------------------------
start_gui
open_project C:/Users/BenMillward/Desktop/Complete_setup/tmp/PID_EXTERNAL_FINAL/PID_EXTERNAL_FINAL.xpr
open_bd_design {C:/Users/BenMillward/Desktop/Complete_setup/tmp/PID_EXTERNAL_FINAL/PID_EXTERNAL_FINAL.srcs/sources_1/bd/system/system.bd}
update_compile_order -fileset sources_1
update_module_reference system_Square_Wave_0_0
archive_project C:/Users/BenMillward/Documents/GitHub/Phase_Stabilization_PID/PID_EXTERNAL_FINAL.xpr.zip -temp_dir E:/FPGA_folder/Xilinix/Vivado/2022.1/bin/unwrapped/win64.o/.Xil/Vivado-5224-MBQD-WS-11 -force -include_local_ip_cache
